Archive member included to satisfy reference by file (symbol)

C:\Users\THIEN\Desktop\SDK_1.0.3_NUCLEO-F401RE\lib_stm\libLibraries.a(stm32f401re_gpio.o)
                              ./Core/Src/main.o (GPIO_Init)
C:\Users\THIEN\Desktop\SDK_1.0.3_NUCLEO-F401RE\lib_stm\libLibraries.a(stm32f401re_rcc.o)
                              ./Core/Src/main.o (RCC_AHB1PeriphClockCmd)
c:/st/stm32cubeide_1.11.2/stm32cubeide/plugins/com.st.stm32cube.ide.mcu.externaltools.gnu-tools-for-stm32.10.3-2021.10.win32_1.0.100.202210260954/tools/bin/../lib/gcc/arm-none-eabi/10.3.1/../../../../arm-none-eabi/lib/thumb/v7e-m+fp/hard\libc_nano.a(lib_a-errno.o)
                              ./Core/Src/syscalls.o (__errno)
c:/st/stm32cubeide_1.11.2/stm32cubeide/plugins/com.st.stm32cube.ide.mcu.externaltools.gnu-tools-for-stm32.10.3-2021.10.win32_1.0.100.202210260954/tools/bin/../lib/gcc/arm-none-eabi/10.3.1/../../../../arm-none-eabi/lib/thumb/v7e-m+fp/hard\libc_nano.a(lib_a-exit.o)
                              c:/st/stm32cubeide_1.11.2/stm32cubeide/plugins/com.st.stm32cube.ide.mcu.externaltools.gnu-tools-for-stm32.10.3-2021.10.win32_1.0.100.202210260954/tools/bin/../lib/gcc/arm-none-eabi/10.3.1/../../../../arm-none-eabi/lib/thumb/v7e-m+fp/hard/crt0.o (exit)
c:/st/stm32cubeide_1.11.2/stm32cubeide/plugins/com.st.stm32cube.ide.mcu.externaltools.gnu-tools-for-stm32.10.3-2021.10.win32_1.0.100.202210260954/tools/bin/../lib/gcc/arm-none-eabi/10.3.1/../../../../arm-none-eabi/lib/thumb/v7e-m+fp/hard\libc_nano.a(lib_a-impure.o)
                              c:/st/stm32cubeide_1.11.2/stm32cubeide/plugins/com.st.stm32cube.ide.mcu.externaltools.gnu-tools-for-stm32.10.3-2021.10.win32_1.0.100.202210260954/tools/bin/../lib/gcc/arm-none-eabi/10.3.1/../../../../arm-none-eabi/lib/thumb/v7e-m+fp/hard\libc_nano.a(lib_a-exit.o) (_global_impure_ptr)
c:/st/stm32cubeide_1.11.2/stm32cubeide/plugins/com.st.stm32cube.ide.mcu.externaltools.gnu-tools-for-stm32.10.3-2021.10.win32_1.0.100.202210260954/tools/bin/../lib/gcc/arm-none-eabi/10.3.1/../../../../arm-none-eabi/lib/thumb/v7e-m+fp/hard\libc_nano.a(lib_a-init.o)
                              c:/st/stm32cubeide_1.11.2/stm32cubeide/plugins/com.st.stm32cube.ide.mcu.externaltools.gnu-tools-for-stm32.10.3-2021.10.win32_1.0.100.202210260954/tools/bin/../lib/gcc/arm-none-eabi/10.3.1/../../../../arm-none-eabi/lib/thumb/v7e-m+fp/hard/crt0.o (__libc_init_array)
c:/st/stm32cubeide_1.11.2/stm32cubeide/plugins/com.st.stm32cube.ide.mcu.externaltools.gnu-tools-for-stm32.10.3-2021.10.win32_1.0.100.202210260954/tools/bin/../lib/gcc/arm-none-eabi/10.3.1/../../../../arm-none-eabi/lib/thumb/v7e-m+fp/hard\libc_nano.a(lib_a-memset.o)
                              c:/st/stm32cubeide_1.11.2/stm32cubeide/plugins/com.st.stm32cube.ide.mcu.externaltools.gnu-tools-for-stm32.10.3-2021.10.win32_1.0.100.202210260954/tools/bin/../lib/gcc/arm-none-eabi/10.3.1/../../../../arm-none-eabi/lib/thumb/v7e-m+fp/hard/crt0.o (memset)
c:/st/stm32cubeide_1.11.2/stm32cubeide/plugins/com.st.stm32cube.ide.mcu.externaltools.gnu-tools-for-stm32.10.3-2021.10.win32_1.0.100.202210260954/tools/bin/../lib/gcc/arm-none-eabi/10.3.1/thumb/v7e-m+fp/hard\libgcc.a(_aeabi_uldivmod.o)
                              ./Drivers/STM32F4xx_HAL_Driver/Src/stm32f4xx_hal_rcc.o (__aeabi_uldivmod)
c:/st/stm32cubeide_1.11.2/stm32cubeide/plugins/com.st.stm32cube.ide.mcu.externaltools.gnu-tools-for-stm32.10.3-2021.10.win32_1.0.100.202210260954/tools/bin/../lib/gcc/arm-none-eabi/10.3.1/thumb/v7e-m+fp/hard\libgcc.a(_udivmoddi4.o)
                              c:/st/stm32cubeide_1.11.2/stm32cubeide/plugins/com.st.stm32cube.ide.mcu.externaltools.gnu-tools-for-stm32.10.3-2021.10.win32_1.0.100.202210260954/tools/bin/../lib/gcc/arm-none-eabi/10.3.1/thumb/v7e-m+fp/hard\libgcc.a(_aeabi_uldivmod.o) (__udivmoddi4)
c:/st/stm32cubeide_1.11.2/stm32cubeide/plugins/com.st.stm32cube.ide.mcu.externaltools.gnu-tools-for-stm32.10.3-2021.10.win32_1.0.100.202210260954/tools/bin/../lib/gcc/arm-none-eabi/10.3.1/thumb/v7e-m+fp/hard\libgcc.a(_dvmd_tls.o)
                              c:/st/stm32cubeide_1.11.2/stm32cubeide/plugins/com.st.stm32cube.ide.mcu.externaltools.gnu-tools-for-stm32.10.3-2021.10.win32_1.0.100.202210260954/tools/bin/../lib/gcc/arm-none-eabi/10.3.1/thumb/v7e-m+fp/hard\libgcc.a(_aeabi_uldivmod.o) (__aeabi_ldiv0)

Discarded input sections

 .text          0x0000000000000000        0x0 c:/st/stm32cubeide_1.11.2/stm32cubeide/plugins/com.st.stm32cube.ide.mcu.externaltools.gnu-tools-for-stm32.10.3-2021.10.win32_1.0.100.202210260954/tools/bin/../lib/gcc/arm-none-eabi/10.3.1/thumb/v7e-m+fp/hard/crti.o
 .data          0x0000000000000000        0x0 c:/st/stm32cubeide_1.11.2/stm32cubeide/plugins/com.st.stm32cube.ide.mcu.externaltools.gnu-tools-for-stm32.10.3-2021.10.win32_1.0.100.202210260954/tools/bin/../lib/gcc/arm-none-eabi/10.3.1/thumb/v7e-m+fp/hard/crti.o
[...]
Memory Configuration

Name             Origin             Length             Attributes
RAM              0x0000000020000000 0x0000000000018000 xrw
FLASH            0x0000000008000000 0x0000000000080000 xr
*default*        0x0000000000000000 0xffffffffffffffff

Linker script and memory map

LOAD c:/st/stm32cubeide_1.11.2/stm32cubeide/plugins/com.st.stm32cube.ide.mcu.externaltools.gnu-tools-for-stm32.10.3-2021.10.win32_1.0.100.202210260954/tools/bin/../lib/gcc/arm-none-eabi/10.3.1/thumb/v7e-m+fp/hard/crti.o
LOAD c:/st/stm32cubeide_1.11.2/stm32cubeide/plugins/com.st.stm32cube.ide.mcu.externaltools.gnu-tools-for-stm32.10.3-2021.10.win32_1.0.100.202210260954/tools/bin/../lib/gcc/arm-none-eabi/10.3.1/thumb/v7e-m+fp/hard/crtbegin.o
LOAD c:/st/stm32cubeide_1.11.2/stm32cubeide/plugins/com.st.stm32cube.ide.mcu.externaltools.gnu-tools-for-stm32.10.3-2021.10.win32_1.0.100.202210260954/tools/bin/../lib/gcc/arm-none-eabi/10.3.1/../../../../arm-none-eabi/lib/thumb/v7e-m+fp/hard/crt0.o
LOAD ./Core/Src/main.o
LOAD ./Core/Src/stm32f4xx_hal_msp.o
LOAD ./Core/Src/stm32f4xx_it.o
LOAD ./Core/Src/syscalls.o
LOAD ./Core/Src/sysmem.o
LOAD ./Core/Src/system_stm32f4xx.o
LOAD ./Core/Startup/startup_stm32f401retx.o
LOAD ./Drivers/STM32F4xx_HAL_Driver/Src/stm32f4xx_hal.o
LOAD ./Drivers/STM32F4xx_HAL_Driver/Src/stm32f4xx_hal_cortex.o
LOAD ./Drivers/STM32F4xx_HAL_Driver/Src/stm32f4xx_hal_dma.o
LOAD ./Drivers/STM32F4xx_HAL_Driver/Src/stm32f4xx_hal_dma_ex.o
LOAD ./Drivers/STM32F4xx_HAL_Driver/Src/stm32f4xx_hal_exti.o
LOAD ./Drivers/STM32F4xx_HAL_Driver/Src/stm32f4xx_hal_flash.o
LOAD ./Drivers/STM32F4xx_HAL_Driver/Src/stm32f4xx_hal_flash_ex.o
LOAD ./Drivers/STM32F4xx_HAL_Driver/Src/stm32f4xx_hal_flash_ramfunc.o
LOAD ./Drivers/STM32F4xx_HAL_Driver/Src/stm32f4xx_hal_gpio.o
LOAD ./Drivers/STM32F4xx_HAL_Driver/Src/stm32f4xx_hal_pwr.o
LOAD ./Drivers/STM32F4xx_HAL_Driver/Src/stm32f4xx_hal_pwr_ex.o
LOAD ./Drivers/STM32F4xx_HAL_Driver/Src/stm32f4xx_hal_rcc.o
LOAD ./Drivers/STM32F4xx_HAL_Driver/Src/stm32f4xx_hal_rcc_ex.o
LOAD ./Drivers/STM32F4xx_HAL_Driver/Src/stm32f4xx_hal_tim.o
LOAD ./Drivers/STM32F4xx_HAL_Driver/Src/stm32f4xx_hal_tim_ex.o
LOAD ./Drivers/STM32F4xx_HAL_Driver/Src/stm32f4xx_hal_uart.o
LOAD C:\Users\THIEN\Desktop\SDK_1.0.3_NUCLEO-F401RE\lib_stm\libLibraries.a
START GROUP
LOAD c:/st/stm32cubeide_1.11.2/stm32cubeide/plugins/com.st.stm32cube.ide.mcu.externaltools.gnu-tools-for-stm32.10.3-2021.10.win32_1.0.100.202210260954/tools/bin/../lib/gcc/arm-none-eabi/10.3.1/../../../../arm-none-eabi/lib/thumb/v7e-m+fp/hard\libc_nano.a
LOAD c:/st/stm32cubeide_1.11.2/stm32cubeide/plugins/com.st.stm32cube.ide.mcu.externaltools.gnu-tools-for-stm32.10.3-2021.10.win32_1.0.100.202210260954/tools/bin/../lib/gcc/arm-none-eabi/10.3.1/../../../../arm-none-eabi/lib/thumb/v7e-m+fp/hard\libm.a
END GROUP
START GROUP
LOAD c:/st/stm32cubeide_1.11.2/stm32cubeide/plugins/com.st.stm32cube.ide.mcu.externaltools.gnu-tools-for-stm32.10.3-2021.10.win32_1.0.100.202210260954/tools/bin/../lib/gcc/arm-none-eabi/10.3.1/thumb/v7e-m+fp/hard\libgcc.a
LOAD c:/st/stm32cubeide_1.11.2/stm32cubeide/plugins/com.st.stm32cube.ide.mcu.externaltools.gnu-tools-for-stm32.10.3-2021.10.win32_1.0.100.202210260954/tools/bin/../lib/gcc/arm-none-eabi/10.3.1/../../../../arm-none-eabi/lib/thumb/v7e-m+fp/hard\libc_nano.a
END GROUP
START GROUP
LOAD c:/st/stm32cubeide_1.11.2/stm32cubeide/plugins/com.st.stm32cube.ide.mcu.externaltools.gnu-tools-for-stm32.10.3-2021.10.win32_1.0.100.202210260954/tools/bin/../lib/gcc/arm-none-eabi/10.3.1/thumb/v7e-m+fp/hard\libgcc.a
LOAD c:/st/stm32cubeide_1.11.2/stm32cubeide/plugins/com.st.stm32cube.ide.mcu.externaltools.gnu-tools-for-stm32.10.3-2021.10.win32_1.0.100.202210260954/tools/bin/../lib/gcc/arm-none-eabi/10.3.1/../../../../arm-none-eabi/lib/thumb/v7e-m+fp/hard\libc_nano.a
LOAD c:/st/stm32cubeide_1.11.2/stm32cubeide/plugins/com.st.stm32cube.ide.mcu.externaltools.gnu-tools-for-stm32.10.3-2021.10.win32_1.0.100.202210260954/tools/bin/../lib/gcc/arm-none-eabi/10.3.1/../../../../arm-none-eabi/lib/thumb/v7e-m+fp/hard\libnosys.a
END GROUP
START GROUP
LOAD c:/st/stm32cubeide_1.11.2/stm32cubeide/plugins/com.st.stm32cube.ide.mcu.externaltools.gnu-tools-for-stm32.10.3-2021.10.win32_1.0.100.202210260954/tools/bin/../lib/gcc/arm-none-eabi/10.3.1/thumb/v7e-m+fp/hard\libgcc.a
LOAD c:/st/stm32cubeide_1.11.2/stm32cubeide/plugins/com.st.stm32cube.ide.mcu.externaltools.gnu-tools-for-stm32.10.3-2021.10.win32_1.0.100.202210260954/tools/bin/../lib/gcc/arm-none-eabi/10.3.1/../../../../arm-none-eabi/lib/thumb/v7e-m+fp/hard\libc_nano.a
LOAD c:/st/stm32cubeide_1.11.2/stm32cubeide/plugins/com.st.stm32cube.ide.mcu.externaltools.gnu-tools-for-stm32.10.3-2021.10.win32_1.0.100.202210260954/tools/bin/../lib/gcc/arm-none-eabi/10.3.1/../../../../arm-none-eabi/lib/thumb/v7e-m+fp/hard\libnosys.a
END GROUP
LOAD c:/st/stm32cubeide_1.11.2/stm32cubeide/plugins/com.st.stm32cube.ide.mcu.externaltools.gnu-tools-for-stm32.10.3-2021.10.win32_1.0.100.202210260954/tools/bin/../lib/gcc/arm-none-eabi/10.3.1/thumb/v7e-m+fp/hard/crtend.o
LOAD c:/st/stm32cubeide_1.11.2/stm32cubeide/plugins/com.st.stm32cube.ide.mcu.externaltools.gnu-tools-for-stm32.10.3-2021.10.win32_1.0.100.202210260954/tools/bin/../lib/gcc/arm-none-eabi/10.3.1/thumb/v7e-m+fp/hard/crtn.o
                0x0000000020018000                _estack = (ORIGIN (RAM) + LENGTH (RAM))
                0x0000000000000200                _Min_Heap_Size = 0x200
                0x0000000000000400                _Min_Stack_Size = 0x400

.isr_vector     0x0000000008000000      0x194
                0x0000000008000000                . = ALIGN (0x4)
 *(.isr_vector)
 .isr_vector    0x0000000008000000      0x194 ./Core/Startup/startup_stm32f401retx.o
                0x0000000008000000                g_pfnVectors
                0x0000000008000194                . = ALIGN (0x4)

.text           0x0000000008000194      0x580
                0x0000000008000194                . = ALIGN (0x4)
 *(.text)
 .text          0x0000000008000194       0x40 c:/st/stm32cubeide_1.11.2/stm32cubeide/plugins/com.st.stm32cube.ide.mcu.externaltools.gnu-tools-for-stm32.10.3-2021.10.win32_1.0.100.202210260954/tools/bin/../lib/gcc/arm-none-eabi/10.3.1/thumb/v7e-m+fp/hard/crtbegin.o
 *(.text*)
 .text.main     0x00000000080001d4       0x3c ./Core/Src/main.o
                0x00000000080001d4                main
 .text.AppInitCommon
                0x0000000008000210       0x14 ./Core/Src/main.o
 .text.BuzzerControl_SetStatus
                0x0000000008000224       0x60 ./Core/Src/main.o
 .text.ButtonRead_Status
                0x0000000008000284       0x2e ./Core/Src/main.o
 .text.Delay    0x00000000080002b2       0x40 ./Core/Src/main.o
 *fill*         0x00000000080002f2        0x2 
 .text.Buzzer_Init
                0x00000000080002f4       0x3c ./Core/Src/main.o
 .text.Button_Init
                0x0000000008000330       0x34 ./Core/Src/main.o
 .text.NMI_Handler
                0x0000000008000364        0x6 ./Core/Src/stm32f4xx_it.o
                0x0000000008000364                NMI_Handler
 .text.HardFault_Handler
                0x000000000800036a        0x6 ./Core/Src/stm32f4xx_it.o
                0x000000000800036a                HardFault_Handler
 .text.MemManage_Handler
                0x0000000008000370        0x6 ./Core/Src/stm32f4xx_it.o
                0x0000000008000370                MemManage_Handler
 .text.BusFault_Handler
                0x0000000008000376        0x6 ./Core/Src/stm32f4xx_it.o
                0x0000000008000376                BusFault_Handler
 .text.UsageFault_Handler
                0x000000000800037c        0x6 ./Core/Src/stm32f4xx_it.o
                0x000000000800037c                UsageFault_Handler
 .text.SVC_Handler
                0x0000000008000382        0xe ./Core/Src/stm32f4xx_it.o
                0x0000000008000382                SVC_Handler
 .text.DebugMon_Handler
                0x0000000008000390        0xe ./Core/Src/stm32f4xx_it.o
                0x0000000008000390                DebugMon_Handler
 .text.PendSV_Handler
                0x000000000800039e        0xe ./Core/Src/stm32f4xx_it.o
                0x000000000800039e                PendSV_Handler
 .text.SysTick_Handler
                0x00000000080003ac        0xc ./Core/Src/stm32f4xx_it.o
                0x00000000080003ac                SysTick_Handler
 .text.SystemInit
                0x00000000080003b8       0x24 ./Core/Src/system_stm32f4xx.o
                0x00000000080003b8                SystemInit
 .text.SystemCoreClockUpdate
                0x00000000080003dc      0x100 ./Core/Src/system_stm32f4xx.o
                0x00000000080003dc                SystemCoreClockUpdate
 .text.Reset_Handler
                0x00000000080004dc       0x50 ./Core/Startup/startup_stm32f401retx.o
                0x00000000080004dc                Reset_Handler
 .text.Default_Handler
                0x000000000800052c        0x2 ./Core/Startup/startup_stm32f401retx.o
                0x000000000800052c                RTC_Alarm_IRQHandler
                0x000000000800052c                EXTI2_IRQHandler
                0x000000000800052c                SPI4_IRQHandler
                0x000000000800052c                TIM1_CC_IRQHandler
                0x000000000800052c                DMA2_Stream5_IRQHandler
                0x000000000800052c                DMA1_Stream5_IRQHandler
                0x000000000800052c                PVD_IRQHandler
                0x000000000800052c                SDIO_IRQHandler
                0x000000000800052c                TAMP_STAMP_IRQHandler
                0x000000000800052c                EXTI3_IRQHandler
                0x000000000800052c                TIM1_UP_TIM10_IRQHandler
                0x000000000800052c                I2C3_ER_IRQHandler
                0x000000000800052c                EXTI0_IRQHandler
                0x000000000800052c                I2C2_EV_IRQHandler
                0x000000000800052c                DMA1_Stream2_IRQHandler
                0x000000000800052c                FPU_IRQHandler
                0x000000000800052c                DMA2_Stream2_IRQHandler
                0x000000000800052c                SPI1_IRQHandler
                0x000000000800052c                TIM1_BRK_TIM9_IRQHandler
                0x000000000800052c                DMA2_Stream3_IRQHandler
                0x000000000800052c                USART6_IRQHandler
                0x000000000800052c                DMA2_Stream0_IRQHandler
                0x000000000800052c                TIM4_IRQHandler
                0x000000000800052c                I2C1_EV_IRQHandler
                0x000000000800052c                DMA1_Stream6_IRQHandler
                0x000000000800052c                DMA1_Stream1_IRQHandler
                0x000000000800052c                TIM3_IRQHandler
                0x000000000800052c                RCC_IRQHandler
                0x000000000800052c                Default_Handler
                0x000000000800052c                EXTI15_10_IRQHandler
                0x000000000800052c                ADC_IRQHandler
                0x000000000800052c                DMA1_Stream7_IRQHandler
                0x000000000800052c                TIM5_IRQHandler
                0x000000000800052c                DMA2_Stream7_IRQHandler
                0x000000000800052c                I2C3_EV_IRQHandler
                0x000000000800052c                EXTI9_5_IRQHandler
                0x000000000800052c                RTC_WKUP_IRQHandler
                0x000000000800052c                SPI2_IRQHandler
                0x000000000800052c                DMA1_Stream0_IRQHandler
                0x000000000800052c                EXTI4_IRQHandler
                0x000000000800052c                WWDG_IRQHandler
                0x000000000800052c                TIM2_IRQHandler
                0x000000000800052c                OTG_FS_WKUP_IRQHandler
                0x000000000800052c                TIM1_TRG_COM_TIM11_IRQHandler
                0x000000000800052c                EXTI1_IRQHandler
                0x000000000800052c                USART2_IRQHandler
                0x000000000800052c                I2C2_ER_IRQHandler
                0x000000000800052c                DMA2_Stream1_IRQHandler
                0x000000000800052c                FLASH_IRQHandler
                0x000000000800052c                DMA2_Stream4_IRQHandler
                0x000000000800052c                USART1_IRQHandler
                0x000000000800052c                OTG_FS_IRQHandler
                0x000000000800052c                SPI3_IRQHandler
                0x000000000800052c                DMA1_Stream4_IRQHandler
                0x000000000800052c                I2C1_ER_IRQHandler
                0x000000000800052c                DMA2_Stream6_IRQHandler
                0x000000000800052c                DMA1_Stream3_IRQHandler
 *fill*         0x000000000800052e        0x2 
 .text.HAL_IncTick
                0x0000000008000530       0x28 ./Drivers/STM32F4xx_HAL_Driver/Src/stm32f4xx_hal.o
                0x0000000008000530                HAL_IncTick
 .text.GPIO_Init
                0x0000000008000558      0x11c C:\Users\THIEN\Desktop\SDK_1.0.3_NUCLEO-F401RE\lib_stm\libLibraries.a(stm32f401re_gpio.o)
                0x0000000008000558                GPIO_Init
 .text.RCC_AHB1PeriphClockCmd
                0x0000000008000674       0x40 C:\Users\THIEN\Desktop\SDK_1.0.3_NUCLEO-F401RE\lib_stm\libLibraries.a(stm32f401re_rcc.o)
                0x0000000008000674                RCC_AHB1PeriphClockCmd
 .text.__libc_init_array
                0x00000000080006b4       0x48 c:/st/stm32cubeide_1.11.2/stm32cubeide/plugins/com.st.stm32cube.ide.mcu.externaltools.gnu-tools-for-stm32.10.3-2021.10.win32_1.0.100.202210260954/tools/bin/../lib/gcc/arm-none-eabi/10.3.1/../../../../arm-none-eabi/lib/thumb/v7e-m+fp/hard\libc_nano.a(lib_a-init.o)
                0x00000000080006b4                __libc_init_array
 *(.glue_7)
 .glue_7        0x00000000080006fc        0x0 linker stubs
 *(.glue_7t)
 .glue_7t       0x00000000080006fc        0x0 linker stubs
 *(.eh_frame)
 .eh_frame      0x00000000080006fc        0x0 c:/st/stm32cubeide_1.11.2/stm32cubeide/plugins/com.st.stm32cube.ide.mcu.externaltools.gnu-tools-for-stm32.10.3-2021.10.win32_1.0.100.202210260954/tools/bin/../lib/gcc/arm-none-eabi/10.3.1/thumb/v7e-m+fp/hard/crtbegin.o
 *(.init)
 .init          0x00000000080006fc        0x4 c:/st/stm32cubeide_1.11.2/stm32cubeide/plugins/com.st.stm32cube.ide.mcu.externaltools.gnu-tools-for-stm32.10.3-2021.10.win32_1.0.100.202210260954/tools/bin/../lib/gcc/arm-none-eabi/10.3.1/thumb/v7e-m+fp/hard/crti.o
                0x00000000080006fc                _init
 .init          0x0000000008000700        0x8 c:/st/stm32cubeide_1.11.2/stm32cubeide/plugins/com.st.stm32cube.ide.mcu.externaltools.gnu-tools-for-stm32.10.3-2021.10.win32_1.0.100.202210260954/tools/bin/../lib/gcc/arm-none-eabi/10.3.1/thumb/v7e-m+fp/hard/crtn.o
 *(.fini)
 .fini          0x0000000008000708        0x4 c:/st/stm32cubeide_1.11.2/stm32cubeide/plugins/com.st.stm32cube.ide.mcu.externaltools.gnu-tools-for-stm32.10.3-2021.10.win32_1.0.100.202210260954/tools/bin/../lib/gcc/arm-none-eabi/10.3.1/thumb/v7e-m+fp/hard/crti.o
                0x0000000008000708                _fini
 .fini          0x000000000800070c        0x8 c:/st/stm32cubeide_1.11.2/stm32cubeide/plugins/com.st.stm32cube.ide.mcu.externaltools.gnu-tools-for-stm32.10.3-2021.10.win32_1.0.100.202210260954/tools/bin/../lib/gcc/arm-none-eabi/10.3.1/thumb/v7e-m+fp/hard/crtn.o
                0x0000000008000714                . = ALIGN (0x4)
                0x0000000008000714                _etext = .

.vfp11_veneer   0x0000000008000714        0x0
 .vfp11_veneer  0x0000000008000714        0x0 linker stubs

.v4_bx          0x0000000008000714        0x0
 .v4_bx         0x0000000008000714        0x0 linker stubs

.iplt           0x0000000008000714        0x0
 .iplt          0x0000000008000714        0x0 c:/st/stm32cubeide_1.11.2/stm32cubeide/plugins/com.st.stm32cube.ide.mcu.externaltools.gnu-tools-for-stm32.10.3-2021.10.win32_1.0.100.202210260954/tools/bin/../lib/gcc/arm-none-eabi/10.3.1/thumb/v7e-m+fp/hard/crtbegin.o

.rodata         0x0000000008000714       0x10
                0x0000000008000714                . = ALIGN (0x4)
 *(.rodata)
 *(.rodata*)
 .rodata.AHBPrescTable
                0x0000000008000714       0x10 ./Core/Src/system_stm32f4xx.o
                0x0000000008000714                AHBPrescTable
                0x0000000008000724                . = ALIGN (0x4)

.rel.dyn        0x0000000008000724        0x0
 .rel.iplt      0x0000000008000724        0x0 c:/st/stm32cubeide_1.11.2/stm32cubeide/plugins/com.st.stm32cube.ide.mcu.externaltools.gnu-tools-for-stm32.10.3-2021.10.win32_1.0.100.202210260954/tools/bin/../lib/gcc/arm-none-eabi/10.3.1/thumb/v7e-m+fp/hard/crtbegin.o

.ARM.extab      0x0000000008000724        0x0
                0x0000000008000724                . = ALIGN (0x4)
 *(.ARM.extab* .gnu.linkonce.armextab.*)
                0x0000000008000724                . = ALIGN (0x4)

.ARM            0x0000000008000724        0x0
                0x0000000008000724                . = ALIGN (0x4)
                0x0000000008000724                __exidx_start = .
 *(.ARM.exidx*)
                0x0000000008000724                __exidx_end = .
                0x0000000008000724                . = ALIGN (0x4)

.preinit_array  0x0000000008000724        0x0
                0x0000000008000724                . = ALIGN (0x4)
                0x0000000008000724                PROVIDE (__preinit_array_start = .)
 *(.preinit_array*)
                0x0000000008000724                PROVIDE (__preinit_array_end = .)
                0x0000000008000724                . = ALIGN (0x4)

.init_array     0x0000000008000724        0x4
                0x0000000008000724                . = ALIGN (0x4)
                0x0000000008000724                PROVIDE (__init_array_start = .)
 *(SORT_BY_NAME(.init_array.*))
 *(.init_array*)
 .init_array    0x0000000008000724        0x4 c:/st/stm32cubeide_1.11.2/stm32cubeide/plugins/com.st.stm32cube.ide.mcu.externaltools.gnu-tools-for-stm32.10.3-2021.10.win32_1.0.100.202210260954/tools/bin/../lib/gcc/arm-none-eabi/10.3.1/thumb/v7e-m+fp/hard/crtbegin.o
                0x0000000008000728                PROVIDE (__init_array_end = .)
                0x0000000008000728                . = ALIGN (0x4)

.fini_array     0x0000000008000728        0x4
                0x0000000008000728                . = ALIGN (0x4)
                [!provide]                        PROVIDE (__fini_array_start = .)
 *(SORT_BY_NAME(.fini_array.*))
 *(.fini_array*)
 .fini_array    0x0000000008000728        0x4 c:/st/stm32cubeide_1.11.2/stm32cubeide/plugins/com.st.stm32cube.ide.mcu.externaltools.gnu-tools-for-stm32.10.3-2021.10.win32_1.0.100.202210260954/tools/bin/../lib/gcc/arm-none-eabi/10.3.1/thumb/v7e-m+fp/hard/crtbegin.o
                [!provide]                        PROVIDE (__fini_array_end = .)
                0x000000000800072c                . = ALIGN (0x4)
                0x000000000800072c                _sidata = LOADADDR (.data)

.data           0x0000000020000000        0x8 load address 0x000000000800072c
                0x0000000020000000                . = ALIGN (0x4)
                0x0000000020000000                _sdata = .
 *(.data)
 *(.data*)
 .data.SystemCoreClock
                0x0000000020000000        0x4 ./Core/Src/system_stm32f4xx.o
                0x0000000020000000                SystemCoreClock
 .data.uwTickFreq
                0x0000000020000004        0x1 ./Drivers/STM32F4xx_HAL_Driver/Src/stm32f4xx_hal.o
                0x0000000020000004                uwTickFreq
 *(.RamFunc)
 *(.RamFunc*)
                0x0000000020000008                . = ALIGN (0x4)
 *fill*         0x0000000020000005        0x3 
                0x0000000020000008                _edata = .

.igot.plt       0x0000000020000008        0x0 load address 0x0000000008000734
 .igot.plt      0x0000000020000008        0x0 c:/st/stm32cubeide_1.11.2/stm32cubeide/plugins/com.st.stm32cube.ide.mcu.externaltools.gnu-tools-for-stm32.10.3-2021.10.win32_1.0.100.202210260954/tools/bin/../lib/gcc/arm-none-eabi/10.3.1/thumb/v7e-m+fp/hard/crtbegin.o
                0x0000000020000008                . = ALIGN (0x4)

.bss            0x0000000020000008       0x20 load address 0x0000000008000734
                0x0000000020000008                _sbss = .
                0x0000000020000008                __bss_start__ = _sbss
 *(.bss)
 .bss           0x0000000020000008       0x1c c:/st/stm32cubeide_1.11.2/stm32cubeide/plugins/com.st.stm32cube.ide.mcu.externaltools.gnu-tools-for-stm32.10.3-2021.10.win32_1.0.100.202210260954/tools/bin/../lib/gcc/arm-none-eabi/10.3.1/thumb/v7e-m+fp/hard/crtbegin.o
 *(.bss*)
 .bss.uwTick    0x0000000020000024        0x4 ./Drivers/STM32F4xx_HAL_Driver/Src/stm32f4xx_hal.o
                0x0000000020000024                uwTick
 *(COMMON)
                0x0000000020000028                . = ALIGN (0x4)
                0x0000000020000028                _ebss = .
                0x0000000020000028                __bss_end__ = _ebss

._user_heap_stack
                0x0000000020000028      0x600 load address 0x0000000008000734
                0x0000000020000028                . = ALIGN (0x8)
                [!provide]                        PROVIDE (end = .)
                0x0000000020000028                PROVIDE (_end = .)
                0x0000000020000228                . = (. + _Min_Heap_Size)
 *fill*         0x0000000020000028      0x200 
                0x0000000020000628                . = (. + _Min_Stack_Size)
 *fill*         0x0000000020000228      0x400 
                0x0000000020000628                . = ALIGN (0x8)

/DISCARD/
 libc.a(*)
 libm.a(*)
 libgcc.a(*)

.ARM.attributes
                0x0000000000000000       0x30
 *(.ARM.attributes)
 .ARM.attributes
                0x0000000000000000       0x1e c:/st/stm32cubeide_1.11.2/stm32cubeide/plugins/com.st.stm32cube.ide.mcu.externaltools.gnu-tools-for-stm32.10.3-2021.10.win32_1.0.100.202210260954/tools/bin/../lib/gcc/arm-none-eabi/10.3.1/thumb/v7e-m+fp/hard/crti.o
 .ARM.attributes
                0x000000000000001e       0x34 c:/st/stm32cubeide_1.11.2/stm32cubeide/plugins/com.st.stm32cube.ide.mcu.externaltools.gnu-tools-for-stm32.10.3-2021.10.win32_1.0.100.202210260954/tools/bin/../lib/gcc/arm-none-eabi/10.3.1/thumb/v7e-m+fp/hard/crtbegin.o
 .ARM.attributes
                0x0000000000000052       0x34 ./Core/Src/main.o
 .ARM.attributes
                0x0000000000000086       0x34 ./Core/Src/stm32f4xx_it.o
 .ARM.attributes
                0x00000000000000ba       0x34 ./Core/Src/system_stm32f4xx.o
 .ARM.attributes
                0x00000000000000ee       0x21 ./Core/Startup/startup_stm32f401retx.o
 .ARM.attributes
                0x000000000000010f       0x34 ./Drivers/STM32F4xx_HAL_Driver/Src/stm32f4xx_hal.o
 .ARM.attributes
                0x0000000000000143       0x39 C:\Users\THIEN\Desktop\SDK_1.0.3_NUCLEO-F401RE\lib_stm\libLibraries.a(stm32f401re_gpio.o)
 .ARM.attributes
                0x000000000000017c       0x39 C:\Users\THIEN\Desktop\SDK_1.0.3_NUCLEO-F401RE\lib_stm\libLibraries.a(stm32f401re_rcc.o)
 .ARM.attributes
                0x00000000000001b5       0x34 c:/st/stm32cubeide_1.11.2/stm32cubeide/plugins/com.st.stm32cube.ide.mcu.externaltools.gnu-tools-for-stm32.10.3-2021.10.win32_1.0.100.202210260954/tools/bin/../lib/gcc/arm-none-eabi/10.3.1/../../../../arm-none-eabi/lib/thumb/v7e-m+fp/hard\libc_nano.a(lib_a-init.o)
 .ARM.attributes
                0x00000000000001e9       0x1e c:/st/stm32cubeide_1.11.2/stm32cubeide/plugins/com.st.stm32cube.ide.mcu.externaltools.gnu-tools-for-stm32.10.3-2021.10.win32_1.0.100.202210260954/tools/bin/../lib/gcc/arm-none-eabi/10.3.1/thumb/v7e-m+fp/hard/crtn.o
OUTPUT(Bai5.2.elf elf32-littlearm)
LOAD linker stubs
LOAD c:/st/stm32cubeide_1.11.2/stm32cubeide/plugins/com.st.stm32cube.ide.mcu.externaltools.gnu-tools-for-stm32.10.3-2021.10.win32_1.0.100.202210260954/tools/bin/../lib/gcc/arm-none-eabi/10.3.1/../../../../arm-none-eabi/lib/thumb/v7e-m+fp/hard\libc.a
LOAD c:/st/stm32cubeide_1.11.2/stm32cubeide/plugins/com.st.stm32cube.ide.mcu.externaltools.gnu-tools-for-stm32.10.3-2021.10.win32_1.0.100.202210260954/tools/bin/../lib/gcc/arm-none-eabi/10.3.1/../../../../arm-none-eabi/lib/thumb/v7e-m+fp/hard\libm.a
LOAD c:/st/stm32cubeide_1.11.2/stm32cubeide/plugins/com.st.stm32cube.ide.mcu.externaltools.gnu-tools-for-stm32.10.3-2021.10.win32_1.0.100.202210260954/tools/bin/../lib/gcc/arm-none-eabi/10.3.1/thumb/v7e-m+fp/hard\libgcc.a

.debug_info     0x0000000000000000     0x2759
 .debug_info    0x0000000000000000      0x438 ./Core/Src/main.o
 .debug_info    0x0000000000000438      0x121 ./Core/Src/stm32f4xx_it.o
 .debug_info    0x0000000000000559      0x54f ./Core/Src/system_stm32f4xx.o
 .debug_info    0x0000000000000aa8       0x22 ./Core/Startup/startup_stm32f401retx.o
 .debug_info    0x0000000000000aca      0x906 ./Drivers/STM32F4xx_HAL_Driver/Src/stm32f4xx_hal.o
 .debug_info    0x00000000000013d0      0x62b C:\Users\THIEN\Desktop\SDK_1.0.3_NUCLEO-F401RE\lib_stm\libLibraries.a(stm32f401re_gpio.o)
 .debug_info    0x00000000000019fb      0xd5e C:\Users\THIEN\Desktop\SDK_1.0.3_NUCLEO-F401RE\lib_stm\libLibraries.a(stm32f401re_rcc.o)

.debug_abbrev   0x0000000000000000      0x951
 .debug_abbrev  0x0000000000000000      0x1e4 ./Core/Src/main.o
 .debug_abbrev  0x00000000000001e4       0x74 ./Core/Src/stm32f4xx_it.o
 .debug_abbrev  0x0000000000000258      0x116 ./Core/Src/system_stm32f4xx.o
 .debug_abbrev  0x000000000000036e       0x12 ./Core/Startup/startup_stm32f401retx.o
 .debug_abbrev  0x0000000000000380      0x23e ./Drivers/STM32F4xx_HAL_Driver/Src/stm32f4xx_hal.o
 .debug_abbrev  0x00000000000005be      0x1bf C:\Users\THIEN\Desktop\SDK_1.0.3_NUCLEO-F401RE\lib_stm\libLibraries.a(stm32f401re_gpio.o)
 .debug_abbrev  0x000000000000077d      0x1d4 C:\Users\THIEN\Desktop\SDK_1.0.3_NUCLEO-F401RE\lib_stm\libLibraries.a(stm32f401re_rcc.o)

.debug_aranges  0x0000000000000000      0x410
 .debug_aranges
                0x0000000000000000       0x50 ./Core/Src/main.o
 .debug_aranges
                0x0000000000000050       0x60 ./Core/Src/stm32f4xx_it.o
 .debug_aranges
                0x00000000000000b0       0x28 ./Core/Src/system_stm32f4xx.o
 .debug_aranges
                0x00000000000000d8       0x28 ./Core/Startup/startup_stm32f401retx.o
 .debug_aranges
                0x0000000000000100       0xf0 ./Drivers/STM32F4xx_HAL_Driver/Src/stm32f4xx_hal.o
 .debug_aranges
                0x00000000000001f0       0x88 C:\Users\THIEN\Desktop\SDK_1.0.3_NUCLEO-F401RE\lib_stm\libLibraries.a(stm32f401re_gpio.o)
 .debug_aranges
                0x0000000000000278      0x198 C:\Users\THIEN\Desktop\SDK_1.0.3_NUCLEO-F401RE\lib_stm\libLibraries.a(stm32f401re_rcc.o)

.debug_ranges   0x0000000000000000      0x3a8
 .debug_ranges  0x0000000000000000       0x40 ./Core/Src/main.o
 .debug_ranges  0x0000000000000040       0x50 ./Core/Src/stm32f4xx_it.o
 .debug_ranges  0x0000000000000090       0x18 ./Core/Src/system_stm32f4xx.o
 .debug_ranges  0x00000000000000a8       0x20 ./Core/Startup/startup_stm32f401retx.o
 .debug_ranges  0x00000000000000c8       0xe0 ./Drivers/STM32F4xx_HAL_Driver/Src/stm32f4xx_hal.o
 .debug_ranges  0x00000000000001a8       0x78 C:\Users\THIEN\Desktop\SDK_1.0.3_NUCLEO-F401RE\lib_stm\libLibraries.a(stm32f401re_gpio.o)
 .debug_ranges  0x0000000000000220      0x188 C:\Users\THIEN\Desktop\SDK_1.0.3_NUCLEO-F401RE\lib_stm\libLibraries.a(stm32f401re_rcc.o)

.debug_macro    0x0000000000000000     0xc4cd
 .debug_macro   0x0000000000000000      0x10b ./Core/Src/main.o
 .debug_macro   0x000000000000010b      0xa78 ./Core/Src/main.o
 .debug_macro   0x0000000000000b83       0x6b ./Core/Src/main.o
 .debug_macro   0x0000000000000bee       0x3b ./Core/Src/main.o
 .debug_macro   0x0000000000000c29       0x22 ./Core/Src/main.o
 .debug_macro   0x0000000000000c4b       0x8e ./Core/Src/main.o
 .debug_macro   0x0000000000000cd9       0x51 ./Core/Src/main.o
 .debug_macro   0x0000000000000d2a      0x103 ./Core/Src/main.o
 .debug_macro   0x0000000000000e2d       0x6a ./Core/Src/main.o
 .debug_macro   0x0000000000000e97      0x1df ./Core/Src/main.o
 .debug_macro   0x0000000000001076       0x34 ./Core/Src/main.o
 .debug_macro   0x00000000000010aa       0x26 ./Core/Src/main.o
 .debug_macro   0x00000000000010d0      0xe43 ./Core/Src/main.o
 .debug_macro   0x0000000000001f13     0x8018 ./Core/Src/main.o
 .debug_macro   0x0000000000009f2b      0x644 ./Core/Src/main.o
 .debug_macro   0x000000000000a56f      0x2f4 ./Core/Src/main.o
 .debug_macro   0x000000000000a863      0x1bf ./Core/Src/stm32f4xx_it.o
 .debug_macro   0x000000000000aa22      0x1a6 ./Core/Src/system_stm32f4xx.o
 .debug_macro   0x000000000000abc8      0x206 ./Drivers/STM32F4xx_HAL_Driver/Src/stm32f4xx_hal.o
 .debug_macro   0x000000000000adce       0xc3 C:\Users\THIEN\Desktop\SDK_1.0.3_NUCLEO-F401RE\lib_stm\libLibraries.a(stm32f401re_gpio.o)
 .debug_macro   0x000000000000ae91      0xa66 C:\Users\THIEN\Desktop\SDK_1.0.3_NUCLEO-F401RE\lib_stm\libLibraries.a(stm32f401re_gpio.o)
 .debug_macro   0x000000000000b8f7       0x22 C:\Users\THIEN\Desktop\SDK_1.0.3_NUCLEO-F401RE\lib_stm\libLibraries.a(stm32f401re_gpio.o)
 .debug_macro   0x000000000000b919       0xef C:\Users\THIEN\Desktop\SDK_1.0.3_NUCLEO-F401RE\lib_stm\libLibraries.a(stm32f401re_gpio.o)
 .debug_macro   0x000000000000ba08      0x2ee C:\Users\THIEN\Desktop\SDK_1.0.3_NUCLEO-F401RE\lib_stm\libLibraries.a(stm32f401re_gpio.o)
 .debug_macro   0x000000000000bcf6      0x64a C:\Users\THIEN\Desktop\SDK_1.0.3_NUCLEO-F401RE\lib_stm\libLibraries.a(stm32f401re_gpio.o)
 .debug_macro   0x000000000000c340      0x18d C:\Users\THIEN\Desktop\SDK_1.0.3_NUCLEO-F401RE\lib_stm\libLibraries.a(stm32f401re_rcc.o)

.debug_line     0x0000000000000000     0x2dc5
 .debug_line    0x0000000000000000      0x5c4 ./Core/Src/main.o
 .debug_line    0x00000000000005c4      0x777 ./Core/Src/stm32f4xx_it.o
 .debug_line    0x0000000000000d3b      0x736 ./Core/Src/system_stm32f4xx.o
 .debug_line    0x0000000000001471       0x88 ./Core/Startup/startup_stm32f401retx.o
 .debug_line    0x00000000000014f9      0x99c ./Drivers/STM32F4xx_HAL_Driver/Src/stm32f4xx_hal.o
 .debug_line    0x0000000000001e95      0x65e C:\Users\THIEN\Desktop\SDK_1.0.3_NUCLEO-F401RE\lib_stm\libLibraries.a(stm32f401re_gpio.o)
 .debug_line    0x00000000000024f3      0x8d2 C:\Users\THIEN\Desktop\SDK_1.0.3_NUCLEO-F401RE\lib_stm\libLibraries.a(stm32f401re_rcc.o)

.debug_str      0x0000000000000000    0xaf6b2
 .debug_str     0x0000000000000000    0x3a4d1 ./Core/Src/main.o
                                      0x3a6b0 (size before relaxing)
 .debug_str     0x000000000003a4d1    0x733f6 ./Core/Src/stm32f4xx_it.o
                                      0x7d2c1 (size before relaxing)
 .debug_str     0x00000000000ad8c7      0x1c0 ./Core/Src/system_stm32f4xx.o
                                      0x7d2d7 (size before relaxing)
 .debug_str     0x00000000000ada87       0x36 ./Core/Startup/startup_stm32f401retx.o
                                         0x71 (size before relaxing)
 .debug_str     0x00000000000adabd      0xa05 ./Drivers/STM32F4xx_HAL_Driver/Src/stm32f4xx_hal.o
                                      0x7dcf9 (size before relaxing)
 .debug_str     0x00000000000ae4c2      0x65a C:\Users\THIEN\Desktop\SDK_1.0.3_NUCLEO-F401RE\lib_stm\libLibraries.a(stm32f401re_gpio.o)
                                      0x3a690 (size before relaxing)
 .debug_str     0x00000000000aeb1c      0xb96 C:\Users\THIEN\Desktop\SDK_1.0.3_NUCLEO-F401RE\lib_stm\libLibraries.a(stm32f401re_rcc.o)
                                      0x39aa1 (size before relaxing)

.comment        0x0000000000000000       0xcb
 .comment       0x0000000000000000       0x50 ./Core/Src/main.o
                                         0x51 (size before relaxing)
 .comment       0x0000000000000050       0x51 ./Core/Src/stm32f4xx_it.o
 .comment       0x0000000000000050       0x51 ./Core/Src/system_stm32f4xx.o
 .comment       0x0000000000000050       0x51 ./Drivers/STM32F4xx_HAL_Driver/Src/stm32f4xx_hal.o
 .comment       0x0000000000000050       0x7b C:\Users\THIEN\Desktop\SDK_1.0.3_NUCLEO-F401RE\lib_stm\libLibraries.a(stm32f401re_gpio.o)
                                         0x7c (size before relaxing)
 .comment       0x00000000000000cb       0x7c C:\Users\THIEN\Desktop\SDK_1.0.3_NUCLEO-F401RE\lib_stm\libLibraries.a(stm32f401re_rcc.o)

.debug_frame    0x0000000000000000      0xfb4
 .debug_frame   0x0000000000000000      0x108 ./Core/Src/main.o
 .debug_frame   0x0000000000000108      0x104 ./Core/Src/stm32f4xx_it.o
 .debug_frame   0x000000000000020c       0x58 ./Core/Src/system_stm32f4xx.o
 .debug_frame   0x0000000000000264      0x374 ./Drivers/STM32F4xx_HAL_Driver/Src/stm32f4xx_hal.o
 .debug_frame   0x00000000000005d8      0x23c C:\Users\THIEN\Desktop\SDK_1.0.3_NUCLEO-F401RE\lib_stm\libLibraries.a(stm32f401re_gpio.o)
 .debug_frame   0x0000000000000814      0x774 C:\Users\THIEN\Desktop\SDK_1.0.3_NUCLEO-F401RE\lib_stm\libLibraries.a(stm32f401re_rcc.o)
 .debug_frame   0x0000000000000f88       0x2c c:/st/stm32cubeide_1.11.2/stm32cubeide/plugins/com.st.stm32cube.ide.mcu.externaltools.gnu-tools-for-stm32.10.3-2021.10.win32_1.0.100.202210260954/tools/bin/../lib/gcc/arm-none-eabi/10.3.1/../../../../arm-none-eabi/lib/thumb/v7e-m+fp/hard\libc_nano.a(lib_a-init.o)
